# LuCi app's
luci
luci-app-modeminfo
luci-app-smstools3
luci-app-atinout
luci-app-3proxy
luci-app-openvpn
luci-app-telegrambot
luci-app-pingcontrol
luci-app-ttl
luci-proto-ncm
luci-proto-mbim
luci-proto-3g
luci-proto-qmi
luci-proto-xmm
# LuCi themes
luci-theme-lightblue
# modem app
modeminfo-serial-quectel
modeminfo-serial-simcom
modeminfo-serial-sierra
modeminfo-serial-telit
modeminfo-serial-dell
modeminfo-serial-fibocom
modeminfo-serial-huawei
modeminfo-serial-xmm
modeminfo-serial-gosun
modeminfo-serial-yuge
modeminfo-serial-tw
modeminfo-serial-meig
openvpn-openssl
openvpn-dns-hotplug
xl2tpd
xmm-modem
# kernel mod's
kmod-usb-serial-qualcomm
kmod-usb-serial-option
kmod-usb-net-cdc-ether
kmod-usb-acm
kmod-usb-net-huawei-cdc-ncm
kmod-usb-net-qmi-wwan
kmod-usb-net-cdc-mbim
kmod-usb2
kmod-ipt-ipopt
kmod-l2tp
kmod-l2tp-eth
kmod-l2tp-ip
kmod-pppol2tp
kmod-pptp
kmod-nf-nathelper-extra
# wireless
wpad-basic-openssl
# PPP
ppp-mod-pptp
# iptables 
iptables-mod-ipopt
# libraries
lib3proxy
libustream-openssl20201210
# removed pkgs. Curl must be build with openssl library
-wpad-basic-wolfssl
-libustream-wolfssl
-libustream-wolfssl20201210
-libwolfssl5.5.3.99a5b54a
