# LuCi app's
luci
luci-app-modeminfo
luci-app-mmconfig
luci-app-smstools3
luci-app-pingcontrol
luci-app-sqm
luci-app-atinout
luci-app-3proxy
luci-app-openvpn
luci-app-mwan3
luci-app-commands
#luci-app-telegrambot
luci-app-ttl
luci-app-ttyd
luci-app-amneziawg
# Network proto
luci-proto-xmm
#luci-proto-mbim
#luci-proto-qmi
luci-proto-wireguard
#luci-proto-vpnc
#luci-proto-openconnect
#luci-proto-3g
#luci-proto-ncm
luci-proto-modemmanager
# localize RU
#luci-i18n-base-ru
#luci-i18n-modeminfo-ru
#luci-i18n-mmconfig-ru
#luci-i18n-smstools3-ru
#luci-i18n-sqm-ru
#luci-i18n-atinout-ru
#luci-i18n-3proxy-ru
#luci-i18n-openvpn-ru
#luci-i18n-pingcontrol-ru
#luci-i18n-telegrambot-ru
#luci-i18n-ttl-ru
#luci-i18n-ttyd-ru
#luci-i18n-opkg-ru
#luci-i18n-firewall-ru
# LuCi themes
#luci-theme-lightblue
# modem app
modeminfo-qmi
modeminfo-serial-xmm
modeminfo-serial-dell
modeminfo-serial-quectel
modeminfo-serial-sierra
modeminfo-serial-fibocom
modeminfo-serial-meig
modeminfo-serial-simcom
modeminfo-serial-telit
modeminfo-serial-thales
modeminfo-serial-huawei
modeminfo-telegram
openvpn-openssl
openvpn-dns-hotplug
xl2tpd
# remove nft
-firewall4
-nftables
-nftables-json
-kmod-nft-core
-kmod-nft-fib
-kmod-nft-nat 
-kmod-nft-offload
# remove mbedtls
-libustream-mbedtls
#-libmbedtls12
-libmbedtls21
-libustream-mbedtls20201210
# add iptables
firewall
kmod-ip6tables
kmod-ipt-conntrack
kmod-ipt-core
kmod-ipt-nat
kmod-ipt-nat6
kmod-ipt-offload
kmod-ipt-nfqueue
kmod-ipt-conntrack-extra
kmod-nf-ipt
kmod-nf-ipt6
kmod-ipt-raw
kmod-ipt-raw6
ip6tables-zz-legacy
iptables-zz-legacy
iptables-mod-nfqueue
iptables-mod-conntrack-extra
# kernel mod's
kmod-nfnetlink-queue
kmod-usb-serial-qualcomm
kmod-usb-serial-option
kmod-usb-net-cdc-ether
kmod-usb-acm
kmod-usb-net-huawei-cdc-ncm
kmod-usb-net-qmi-wwan
kmod-usb-net-cdc-mbim
kmod-usb-storage
kmod-usb2
kmod-usb3
kmod-ipt-ipopt
kmod-l2tp
kmod-l2tp-eth
kmod-l2tp-ip
kmod-pppol2tp
kmod-pptp
kmod-nf-nathelper-extra
kmod-button-hotplug
# AmneziaWG VPN kmod
kmod-amneziawg
# wireless
#wpad-basic-openssl
# PPP
ppp-mod-pptp
# iptables 
iptables-mod-ipopt
# libraries
lib3proxy
libustream-openssl20201210
# removed pkgs. Curl must be build with openssl library
-wpad-basic-mbedtls
hostapd-openssl
wpa-supplicant-openssl
#youtubeUnblock
# replace to dnsmasq ipset
-dnsmasq
dnsmasq-full
ifmetric
# FS support
e2fsprogs
mkf2fs
cfdisk
kmod-fs-ext4
kmod-fs-f2fs
block-mount
# usb utilites
usbutils
uhubctl
# MPTCP
kmod-inet-mptcp-diag
mptcpd
mptcpize
ip-full
# NAT64 and DNS64
kmod-nat64
totd
natflow-boot
# SNI
#youtubeUnblock
#luci-app-youtubeUnblock
# LED
mwan3-ledhelper
