# LuCi app's
luci
luci-app-modeminfo
luci-app-mmconfig
luci-app-smstools3
luci-app-pingcontrol
luci-app-sqm
#luci-app-bandix-plus
luci-app-atinout
#luci-app-https-dns-proxy
luci-app-3proxy
luci-app-mwan3-nft
luci-app-mwan3-ledhelper-nft
#luci-app-ota
luci-app-commands
#luci-app-telegrambot
luci-app-ttl
#luci-app-ttyd
# Network proto
#luci-proto-xmm
<<<<<<< HEAD
luci-proto-amneziawg
=======
>>>>>>> baec47f (update_conf)
luci-proto-openvpn
#luci-proto-mbim
#luci-proto-qmi
#luci-proto-wireguard
#luci-proto-vpnc
#luci-proto-openconnect
#luci-proto-3g
#luci-proto-ncm
luci-proto-modemmanager
# localize RU
#luci-i18n-base-ru
#luci-i18n-modeminfo-ru
#luci-i18n-mmconfig-ru
#luci-i18n-smstools3-ru
#luci-i18n-sqm-ru
#luci-i18n-atinout-ru
#luci-i18n-3proxy-ru
#luci-i18n-openvpn-ru
#luci-i18n-pingcontrol-ru
#luci-i18n-telegrambot-ru
#luci-i18n-ttl-ru
#luci-i18n-ttyd-ru
#luci-i18n-opkg-ru
#luci-i18n-firewall-ru
# LuCi themes
#luci-theme-lightblue
# modem app
qminfo
modeminfo-serial-xmm
modeminfo-serial-dell
modeminfo-serial-quectel
modeminfo-serial-sierra
modeminfo-serial-fibocom
modeminfo-serial-meig
modeminfo-serial-simcom
modeminfo-serial-telit
modeminfo-serial-thales
modeminfo-serial-huawei
#modeminfo-telegram
<<<<<<< HEAD
openvpn-mbedtls
=======
openvpn-mbedtls-xor
>>>>>>> baec47f (update_conf)
#openvpn-dns-hotplug
#xl2tpd
# remove mbedtls
#-libustream-mbedtls
#-libmbedtls12
#-libmbedtls21
#-libustream-mbedtls20201210
# add iptables
# kernel mod's
kmod-nfnetlink-queue
kmod-usb-serial-qualcomm
kmod-usb-serial-option
kmod-usb-net-cdc-ether
kmod-usb-net-rndis
kmod-usb-acm
kmod-usb-net-huawei-cdc-ncm
kmod-usb-net-qmi-wwan
kmod-usb-net-cdc-mbim
kmod-usb-storage
kmod-usb2
kmod-usb3
#kmod-l2tp
#kmod-l2tp-eth
#kmod-l2tp-ip
#kmod-pppol2tp
kmod-pptp
kmod-nf-nathelper-extra
kmod-button-hotplug
# AmneziaWG VPN kmod
#kmod-amneziawg
# wireless
#wpad-basic-openssl
# PPP
ppp-mod-pptp
# libraries
lib3proxy
# removed pkgs.
-wpad-basic-mbedtls
hostapd-mbedtls
wpa-supplicant-mbedtls
#youtubeUnblock
# replace to dnsmasq ipset
-dnsmasq
dnsmasq-full
ifmetric
ipset
# FS support
#e2fsprogs
mkf2fs
cfdisk
#kmod-fs-ext4
kmod-fs-f2fs
#kmod-fs-vfat
block-mount
# usb utilites
#usbutils
#uhubctl
# MPTCP
#kmod-inet-mptcp-diag
#mptcpd
#mptcpize
ip-full
# NAT64 and DNS64
#totd
# SNI
#youtubeUnblock
#luci-app-youtubeUnblock
# LED
#mwan3-ledhelper
# Geoip maxminddb parser
#maxminddb-dump-country
